Đọc 29 hồ sơ từ TH BEN CANG-AI NHẬP LIỆU KQ.xlsx
Khoảng ngày khám: 01/07/2026 - 11/08/2026
Sẽ xử lý 1 hồ sơ

[1/1] TT1 TĂNG GIA BẢO (079219037615)
    - Tiền sử bản thân ...
      đã lưu
    - Đánh giá tâm thần - Giảm chú ý/Tăng động ...
      đã lưu
    - Đánh giá tâm thần - Phổ tự kỷ ...
      đã lưu
    - Khám lâm sàng ...
      đã lưu
    - Kết luận ...
      đã lưu
  => done (174.1s)

================================================================
Tổng: 1 hồ sơ trong 2.9 phút

Hoàn tất cả 4 phần: 1
  - TT1 TĂNG GIA BẢO (079219037615)

Chi tiết đã ghi vào clinical_results.json
