Đọc 29 hồ sơ từ TH BEN CANG-AI NHẬP LIỆU KQ.xlsx
Khoảng ngày khám: 01/07/2026 - 11/08/2026
Sẽ xử lý 28 hồ sơ

[1/28] TT2 LÊ TRÂM ANH (079319004512)
    - Tiền sử bản thân ...
      đã lưu
    - Đánh giá tâm thần - Giảm chú ý/Tăng động ...
      đã lưu
    - Đánh giá tâm thần - Phổ tự kỷ ...
      đã lưu
    - Khám lâm sàng ...
      đã lưu
    - Kết luận ...
      đã lưu
  => done (426.5s)
     ! Tiền sử bản thân: tiêm chủng: 9 dòng chưa đặt được 'Đã tiêm'

[2/28] TT3 DƯƠNG HIẾU NGHĨA (079219022652)
    - Tiền sử bản thân ...
      đã lưu
    - Đánh giá tâm thần - Giảm chú ý/Tăng động ...
    - Đánh giá tâm thần - Phổ tự kỷ ...
      đã lưu
    - Khám lâm sàng ...
      đã lưu
    - Kết luận ...
      đã lưu
  => partial (448.1s)
     ! Tiền sử bản thân: tiêm chủng: 4 dòng chưa đặt được 'Đã tiêm'
     ! Đánh giá tâm thần - Giảm chú ý/Tăng động: không mở được form

[3/28] TT4 ĐOÀN MINH QUÂN (079219017419)
    - Tiền sử bản thân ...
      đã lưu
    - Đánh giá tâm thần - Giảm chú ý/Tăng động ...
      đã lưu
    - Đánh giá tâm thần - Phổ tự kỷ ...
      đã lưu
    - Khám lâm sàng ...
      lưu thiếu
    - Kết luận ...
      đã lưu
  => partial (319.9s)
     ! Khám lâm sàng: mắt: không chọn được mã ICD H52.6
     ! Khám lâm sàng: mắt: thiếu mã ICD ['H52.6']

[4/28] TT5 TRẦN LÂM THANH THẢO (079319033373)
    - Tiền sử bản thân ...
      đã lưu
    - Đánh giá tâm thần - Giảm chú ý/Tăng động ...
      đã lưu
    - Đánh giá tâm thần - Phổ tự kỷ ...
      đã lưu
    - Khám lâm sàng ...
      đã lưu
    - Kết luận ...
      đã lưu
  => done (164.2s)

[5/28] TT6 NGUYỄN NGỌC TƯỜNG VY (079319030705)
    - Tiền sử bản thân ...
      đã lưu
    - Đánh giá tâm thần - Giảm chú ý/Tăng động ...
      đã lưu
    - Đánh giá tâm thần - Phổ tự kỷ ...
      đã lưu
    - Khám lâm sàng ...
      đã lưu
    - Kết luận ...
      đã lưu
  => done (171.1s)

[6/28] TT7 LÂM BẢO YẾN (079319020638)
    - Tiền sử bản thân ...
      đã lưu
    - Đánh giá tâm thần - Giảm chú ý/Tăng động ...
      đã lưu
    - Đánh giá tâm thần - Phổ tự kỷ ...
      đã lưu
    - Khám lâm sàng ...
      đã lưu
    - Kết luận ...
      đã lưu
  => done (180.3s)

[7/28] TT8 ĐỖ NGỌC HOÀNG ANH (079318003605)
    - Tiền sử bản thân ...
      đã lưu
    - Đánh giá tâm thần - Giảm chú ý/Tăng động ...
      đã lưu
    - Đánh giá tâm thần - Phổ tự kỷ ...
      đã lưu
    - Khám lâm sàng ...
      đã lưu
    - Kết luận ...
      đã lưu
  => done (177.6s)

[8/28] TT9 HUỲNH NGỌC TRÂM ANH (079318026250)
    - Tiền sử bản thân ...
      đã lưu
    - Đánh giá tâm thần - Giảm chú ý/Tăng động ...
      đã lưu
    - Đánh giá tâm thần - Phổ tự kỷ ...
      đã lưu
    - Khám lâm sàng ...
      đã lưu
    - Kết luận ...
      đã lưu
  => done (167.3s)

[9/28] TT10 PHẠM KHÁNH ĐĂNG (079218016204)
    - Tiền sử bản thân ...
      đã lưu
    - Đánh giá tâm thần - Giảm chú ý/Tăng động ...
      đã lưu
    - Đánh giá tâm thần - Phổ tự kỷ ...
      đã lưu
    - Khám lâm sàng ...
      đã lưu
    - Kết luận ...
      đã lưu
  => done (180.5s)

[10/28] TT11 NGUYỄN MINH KHÔI (079218009931)
    - Tiền sử bản thân ...
      đã lưu
    - Đánh giá tâm thần - Giảm chú ý/Tăng động ...
      đã lưu
    - Đánh giá tâm thần - Phổ tự kỷ ...
      đã lưu
    - Khám lâm sàng ...
      đã lưu
    - Kết luận ...
      đã lưu
  => done (155.6s)

[11/28] TT12 PHẠM TRẦN MINH PHÁT (079218032045)
    - Tiền sử bản thân ...
      đã lưu
    - Đánh giá tâm thần - Giảm chú ý/Tăng động ...
      đã lưu
    - Đánh giá tâm thần - Phổ tự kỷ ...
      đã lưu
    - Khám lâm sàng ...
      đã lưu
    - Kết luận ...
      đã lưu
  => done (185.4s)

[12/28] TT13 VÕ THANH KIM THƯ (079318031525)
    - Tiền sử bản thân ...
      đã lưu
    - Đánh giá tâm thần - Giảm chú ý/Tăng động ...
      đã lưu
    - Đánh giá tâm thần - Phổ tự kỷ ...
      đã lưu
    - Khám lâm sàng ...
      đã lưu
    - Kết luận ...
      đã lưu
  => done (169.8s)

[13/28] TT14 HOÀNG NGỌC ANH TUẤN (079218034864)
    - Tiền sử bản thân ...
      đã lưu
    - Đánh giá tâm thần - Giảm chú ý/Tăng động ...
      đã lưu
    - Đánh giá tâm thần - Phổ tự kỷ ...
      đã lưu
    - Khám lâm sàng ...
      đã lưu
    - Kết luận ...
      đã lưu
  => done (166.8s)

[14/28] TT15 LÊ NGỌC VY (079318030486)
    - Tiền sử bản thân ...
      đã lưu
    - Đánh giá tâm thần - Giảm chú ý/Tăng động ...
      đã lưu
    - Đánh giá tâm thần - Phổ tự kỷ ...
      đã lưu
    - Khám lâm sàng ...
      đã lưu
    - Kết luận ...
      đã lưu
  => done (177.5s)

[15/28] TT16 LÊ PHẠM NGỌC LAN CHI (079318042909)
    - Tiền sử bản thân ...
      đã lưu
    - Đánh giá tâm thần - Giảm chú ý/Tăng động ...
      đã lưu
    - Đánh giá tâm thần - Phổ tự kỷ ...
      đã lưu
    - Khám lâm sàng ...
      đã lưu
    - Kết luận ...
  => partial (206.4s)
     ! Kết luận: không mở được form

[16/28] TT17 HÀ NGUYỄN MINH TUẤN (079218026385)
    - Tiền sử bản thân ...
      đã lưu
    - Đánh giá tâm thần - Giảm chú ý/Tăng động ...
      đã lưu
    - Đánh giá tâm thần - Phổ tự kỷ ...
      đã lưu
    - Khám lâm sàng ...
      đã lưu
    - Kết luận ...
      đã lưu
  => done (493.9s)
     ! Tiền sử bản thân: tiêm chủng: 6 dòng chưa đặt được 'Đã tiêm'

[17/28] TT18 UÔNG ĐÌNH GIA BẢO (079217001524)
    - Tiền sử bản thân ...
      đã lưu
    - Đánh giá tâm thần - Giảm chú ý/Tăng động ...
      đã lưu
    - Đánh giá tâm thần - Phổ tự kỷ ...
      đã lưu (không mở lại được để đối chiếu)
    - Khám lâm sàng ...
    - Kết luận ...
  => partial (532.4s)
     ! Khám lâm sàng: không mở được form
     ! Kết luận: không mở được form

[18/28] TT19 VÕ ĐỨC DUY (079217033870)
      lưới chưa trả lời dứt khoát (no-filters), thử lại 1/3
    - Tiền sử bản thân ...
      đã lưu
    - Đánh giá tâm thần - Giảm chú ý/Tăng động ...
      đã lưu
    - Đánh giá tâm thần - Phổ tự kỷ ...
      đã lưu
    - Khám lâm sàng ...
      đã lưu
    - Kết luận ...
      đã lưu
  => done (543.2s)
     ! Tiền sử bản thân: tiêm chủng: 19 dòng chưa đặt được 'Đã tiêm'

[19/28] TT20 TRẦN ĐOÀN NGỌC HOÀI (079317043047)
    - Tiền sử bản thân ...
      đã lưu
    - Đánh giá tâm thần - Giảm chú ý/Tăng động ...
      đã lưu
    - Đánh giá tâm thần - Phổ tự kỷ ...
      đã lưu
    - Khám lâm sàng ...
      đã lưu
    - Kết luận ...
      đã lưu (không mở lại được để đối chiếu)
  => partial (529.1s)

[20/28] TT21 NGUYỄN HUY HOÀNG (079217040682)
    - Tiền sử bản thân ...
    - Đánh giá tâm thần - Giảm chú ý/Tăng động ...
      đã lưu
    - Đánh giá tâm thần - Phổ tự kỷ ...
      đã lưu (không mở lại được để đối chiếu)
    - Khám lâm sàng ...
      đã lưu
    - Kết luận ...
      đã lưu
  => partial (487.3s)
     ! Tiền sử bản thân: không mở được form

[21/28] TT22 TỐNG BẢO KHÁNH (079217006206)
    - Tiền sử bản thân ...
      đã lưu
    - Đánh giá tâm thần - Giảm chú ý/Tăng động ...
      đã lưu
    - Đánh giá tâm thần - Phổ tự kỷ ...
      đã lưu
    - Khám lâm sàng ...
      đã lưu
    - Kết luận ...
      đã lưu
  => done (457.3s)

[22/28] TT23 LÊ MINH THIỆN TÂM (079316041031)
    - Tiền sử bản thân ...
      đã lưu
    - Đánh giá tâm thần - Giảm chú ý/Tăng động ...
      đã lưu
    - Đánh giá tâm thần - Phổ tự kỷ ...
      đã lưu
    - Khám lâm sàng ...
      đã lưu
    - Kết luận ...
      đã lưu
  => done (549.0s)
     ! Tiền sử bản thân: tiêm chủng: 10 dòng chưa đặt được 'Đã tiêm'

[23/28] TT24 HUỲNH PHÚC THỊNH (079217003907)
    - Tiền sử bản thân ...
      đã lưu
    - Đánh giá tâm thần - Giảm chú ý/Tăng động ...
      đã lưu
    - Đánh giá tâm thần - Phổ tự kỷ ...
      đã lưu
    - Khám lâm sàng ...
      đã lưu
    - Kết luận ...
      đã lưu
  => done (352.7s)
     ! Tiền sử bản thân: tiêm chủng: 13 dòng chưa đặt được 'Đã tiêm'

[24/28] TT25 NGUYỄN HOÀNG NGỌC TRÂN (079317005272)
    - Tiền sử bản thân ...
